
    Processed test3:
    - Found 606 components
    - Grouped into 328 text lines
    - Detected 29 text blocks
    - Estimated orientation: 177.0 degrees
    - Merge mode: lines and vertical
    - Saved visualization to output/blocks2
    ----------------------------------------
    
    Processed test1:
    - Found 1137 components
    - Grouped into 265 text lines
    - Detected 4 text blocks
    - Estimated orientation: 2.0 degrees
    - Merge mode: lines and vertical
    - Saved visualization to output/blocks2
    ----------------------------------------
    
    Processed test1:
    - Found 1137 components
    - Grouped into 265 text lines
    - Detected 33 text blocks
    - Estimated orientation: 2.0 degrees
    - Merge mode: line-only
    - Saved visualization to output/blocks2
    ----------------------------------------
    
    Processed test1:
    - Found 1137 components
    - Grouped into 265 text lines
    - Detected 33 text blocks
    - Estimated orientation: 2.0 degrees
    - Merge mode: line-only
    - Saved visualization to output/lines
    ----------------------------------------
    
    Processed test4:
    - Found 2095 components
    - Grouped into 874 text lines
    - Detected 184 text blocks
    - Estimated orientation: 177.0 degrees
    - Merge mode: line-only
    - Saved visualization to output/lines
    ----------------------------------------
    
    Processed test4:
    - Found 2095 components
    - Grouped into 874 text lines
    - Detected 142 text blocks
    - Estimated orientation: 177.0 degrees
    - Merge mode: line-only
    - Saved visualization to output/lines
    ----------------------------------------
    
    Processed test1:
    - Found 1137 components
    - Grouped into 265 text lines
    - Detected 22 text blocks
    - Estimated orientation: 2.0 degrees
    - Merge mode: line-only
    - Saved visualization to output/lines
    ----------------------------------------
    
                Processing complete:
                - Successfully processed: 0 images
                - Errors: 0 images
                - Output saved to: ICDAR/output/Latin2
                ========================================
                
    Processed 065:
    - Found 1860 components
    - Grouped into 707 text lines
    - Detected 138 text blocks
    - Estimated orientation: 177.0 degrees
    - Merge mode: line-only
    - Saved visualization to ICDAR/output/Latin2
    ----------------------------------------
    
    Processed 065:
    - Found 1860 components
    - Grouped into 707 text lines
    - Detected 173 text blocks
    - Estimated orientation: 177.0 degrees
    - Merge mode: line-only
    - Saved visualization to ICDAR/output/Latin2
    ----------------------------------------
    
    Processed 065:
    - Found 1860 components
    - Grouped into 707 text lines
    - Detected 155 text blocks
    - Estimated orientation: 177.0 degrees
    - Merge mode: line-only
    - Saved visualization to ICDAR/output/Latin2
    ----------------------------------------
    
    Processed 019:
    - Found 2394 components
    - Grouped into 1062 text lines
    - Detected 30 text blocks
    - Estimated orientation: 177.0 degrees
    - Merge mode: line-only
    - Saved visualization to ICDAR/output/Latin2
    ----------------------------------------
    
    Processed 083:
    - Found 2258 components
    - Grouped into 734 text lines
    - Detected 72 text blocks
    - Estimated orientation: 2.0 degrees
    - Merge mode: line-only
    - Saved visualization to ICDAR/output/Latin2
    ----------------------------------------
    
                Processing complete:
                - Successfully processed: 3 images
                - Errors: 0 images
                - Output saved to: ICDAR/output/Latin2
                ========================================
                
    Processed test1:
    - Found 1137 components
    - Grouped into 265 text lines
    - Detected 33 text blocks
    - Estimated orientation: 2.0 degrees
    - Merge mode: line-only
    - Saved visualization to output/lines
    ----------------------------------------
    
    Processed test1:
    - Found 1137 components
    - Grouped into 265 text lines
    - Detected 33 text blocks
    - Estimated orientation: 2.0 degrees
    - Merge mode: line-only
    - Saved visualization to output/lines
    ----------------------------------------
    
    Processed test1:
    - Found 324 components
    - Grouped into 169 text lines
    - Detected 32 text blocks
    - Estimated orientation: 2.0 degrees
    - Merge mode: line-only
    - Saved visualization to output/lines
    ----------------------------------------
    
    Processed test1:
    - Found 1137 components
    - Grouped into 265 text lines
    - Detected 33 text blocks
    - Estimated orientation: 2.0 degrees
    - Merge mode: line-only
    - Saved visualization to output/lines
    ----------------------------------------
    
    Processed test1:
    - Found 1137 components
    - Grouped into 478 text lines
    - Detected 31 text blocks
    - Estimated orientation: 5.0 degrees
    - Merge mode: line-only
    - Saved visualization to output/lines
    ----------------------------------------
    
    Processed test1:
    - Found 1137 components
    - Grouped into 265 text lines
    - Detected 33 text blocks
    - Estimated orientation: 2.0 degrees
    - Merge mode: line-only
    - Saved visualization to output/lines
    ----------------------------------------
    
    Processed test1:
    - Found 1137 components
    - Grouped into 265 text lines
    - Detected 33 text blocks
    - Estimated orientation: 2.0 degrees
    - Merge mode: line-only
    - Saved visualization to output/lines
    ----------------------------------------
    
    Processed 065:
    - Found 1860 components
    - Grouped into 707 text lines
    - Detected 138 text blocks
    - Estimated orientation: 177.0 degrees
    - Merge mode: line-only
    - Saved visualization to ICDAR/output/Latin2
    ----------------------------------------
    
    Processed test1:
    - Found 1137 components
    - Grouped into 265 text lines
    - Detected 4 text blocks
    - Estimated orientation: 2.0 degrees
    - Merge mode: lines and vertical
    - Saved visualization to output/blocks
    ----------------------------------------
    
    Processed input_1:
    - Found 606 components
    - Grouped into 328 text lines
    - Detected 29 text blocks
    - Estimated orientation: 177.0 degrees
    - Merge mode: lines and vertical
    - Saved visualization to output/blocks
    ----------------------------------------
    
    Processed input_3:
    - Found 3611 components
    - Grouped into 1725 text lines
    - Detected 10 text blocks
    - Estimated orientation: 2.0 degrees
    - Merge mode: lines and vertical
    - Saved visualization to output/blocks
    ----------------------------------------
    
    Processed input_0:
    - Found 1654 components
    - Grouped into 857 text lines
    - Detected 6 text blocks
    - Estimated orientation: 2.0 degrees
    - Merge mode: lines and vertical
    - Saved visualization to output/blocks
    ----------------------------------------
    
    Processed input_2:
    - Found 478 components
    - Grouped into 220 text lines
    - Detected 16 text blocks
    - Estimated orientation: 177.0 degrees
    - Merge mode: lines and vertical
    - Saved visualization to output/blocks
    ----------------------------------------
    
                Processing complete:
                - Successfully processed: 4 images
                - Errors: 0 images
                - Output saved to: output/blocks
                ========================================
                
    Processed input_1:
    - Found 606 components
    - Grouped into 328 text lines
    - Detected 40 text blocks
    - Estimated orientation: 177.0 degrees
    - Merge mode: line-only
    - Saved visualization to output/blocks
    ----------------------------------------
    
    Processed input_3:
    - Found 3611 components
    - Grouped into 1725 text lines
    - Detected 219 text blocks
    - Estimated orientation: 2.0 degrees
    - Merge mode: line-only
    - Saved visualization to output/blocks
    ----------------------------------------
    
    Processed input_0:
    - Found 1654 components
    - Grouped into 857 text lines
    - Detected 117 text blocks
    - Estimated orientation: 2.0 degrees
    - Merge mode: line-only
    - Saved visualization to output/blocks
    ----------------------------------------
    
    Processed input_2:
    - Found 478 components
    - Grouped into 220 text lines
    - Detected 50 text blocks
    - Estimated orientation: 177.0 degrees
    - Merge mode: line-only
    - Saved visualization to output/blocks
    ----------------------------------------
    
                Processing complete:
                - Successfully processed: 4 images
                - Errors: 0 images
                - Output saved to: output/blocks
                ========================================
                
    Processed input_0:
    - Found 1654 components
    - Grouped into 857 text lines
    - Detected 357 text blocks
    - Estimated orientation: 2.0 degrees
    - Merge mode: line-only
    - Saved visualization to output/blocks
    ----------------------------------------
    
    Processed input_0:
    - Found 1654 components
    - Grouped into 857 text lines
    - Detected 363 text blocks
    - Estimated orientation: 2.0 degrees
    - Merge mode: line-only
    - Saved visualization to output/blocks
    ----------------------------------------
    
    Processed input_0:
    - Found 1654 components
    - Grouped into 857 text lines
    - Detected 577 text blocks
    - Estimated orientation: 2.0 degrees
    - Merge mode: line-only
    - Saved visualization to output/blocks
    ----------------------------------------
    
    Processed input_1:
    - Found 606 components
    - Grouped into 328 text lines
    - Detected 36 text blocks
    - Estimated orientation: 177.0 degrees
    - Merge mode: line-only
    - Saved visualization to output/blocks
    ----------------------------------------
    
    Processed input_3:
    - Found 3611 components
    - Grouped into 1725 text lines
    - Detected 123 text blocks
    - Estimated orientation: 2.0 degrees
    - Merge mode: line-only
    - Saved visualization to output/blocks
    ----------------------------------------
    
    Processed input_0:
    - Found 1654 components
    - Grouped into 857 text lines
    - Detected 93 text blocks
    - Estimated orientation: 2.0 degrees
    - Merge mode: line-only
    - Saved visualization to output/blocks
    ----------------------------------------
    
    Processed input_2:
    - Found 478 components
    - Grouped into 220 text lines
    - Detected 49 text blocks
    - Estimated orientation: 177.0 degrees
    - Merge mode: line-only
    - Saved visualization to output/blocks
    ----------------------------------------
    
                Processing complete:
                - Successfully processed: 4 images
                - Errors: 0 images
                - Output saved to: output/blocks
                ========================================
                
    Processed input_1:
    - Found 606 components
    - Grouped into 328 text lines
    - Detected 36 text blocks
    - Estimated orientation: 177.0 degrees
    - Merge mode: line-only
    - Saved visualization to output/blocks
    ----------------------------------------
    
    Processed input_3:
    - Found 3611 components
    - Grouped into 1725 text lines
    - Detected 66 text blocks
    - Estimated orientation: 2.0 degrees
    - Merge mode: line-only
    - Saved visualization to output/blocks
    ----------------------------------------
    
    Processed input_0:
    - Found 1654 components
    - Grouped into 857 text lines
    - Detected 72 text blocks
    - Estimated orientation: 2.0 degrees
    - Merge mode: line-only
    - Saved visualization to output/blocks
    ----------------------------------------
    
    Processed input_2:
    - Found 478 components
    - Grouped into 220 text lines
    - Detected 46 text blocks
    - Estimated orientation: 177.0 degrees
    - Merge mode: line-only
    - Saved visualization to output/blocks
    ----------------------------------------
    
                Processing complete:
                - Successfully processed: 4 images
                - Errors: 0 images
                - Output saved to: output/blocks
                ========================================
                
    Processed input_1:
    - Found 123 components
    - Grouped into 76 text lines
    - Detected 48 text blocks
    - Estimated orientation: 2.0 degrees
    - Merge mode: line-only
    - Saved visualization to output/blocks
    ----------------------------------------
    
    Processed input_0:
    - Found 216 components
    - Grouped into 83 text lines
    - Detected 41 text blocks
    - Estimated orientation: 2.0 degrees
    - Merge mode: line-only
    - Saved visualization to output/blocks
    ----------------------------------------
    
    Processed input_2:
    - Found 169 components
    - Grouped into 101 text lines
    - Detected 68 text blocks
    - Estimated orientation: 3.0 degrees
    - Merge mode: line-only
    - Saved visualization to output/blocks
    ----------------------------------------
    
                Processing complete:
                - Successfully processed: 3 images
                - Errors: 0 images
                - Output saved to: output/blocks
                ========================================
                
    Processed input_1:
    - Found 123 components
    - Grouped into 76 text lines
    - Detected 38 text blocks
    - Estimated orientation: 2.0 degrees
    - Merge mode: line-only
    - Saved visualization to output/blocks
    ----------------------------------------
    
    Processed input_0:
    - Found 216 components
    - Grouped into 83 text lines
    - Detected 35 text blocks
    - Estimated orientation: 2.0 degrees
    - Merge mode: line-only
    - Saved visualization to output/blocks
    ----------------------------------------
    
    Processed input_2:
    - Found 169 components
    - Grouped into 101 text lines
    - Detected 47 text blocks
    - Estimated orientation: 3.0 degrees
    - Merge mode: line-only
    - Saved visualization to output/blocks
    ----------------------------------------
    
                Processing complete:
                - Successfully processed: 3 images
                - Errors: 0 images
                - Output saved to: output/blocks
                ========================================
                Error processing input_1.png: name 'blocks' is not defined
Error processing input_0.png: name 'blocks' is not defined
Error processing input_2.png: name 'blocks' is not defined

                Processing complete:
                - Successfully processed: 0 images
                - Errors: 3 images
                - Output saved to: output/blocks
                ========================================
                Error processing input_1.png: name 'blocks' is not defined
Error processing input_0.png: name 'blocks' is not defined
Error processing input_2.png: name 'blocks' is not defined

                Processing complete:
                - Successfully processed: 0 images
                - Errors: 3 images
                - Output saved to: output/blocks
                ========================================
                
    Processed input_1:
    - Found 123 components
    - Grouped into 76 text lines
    - Detected 26 text blocks
    - Estimated orientation: 2.0 degrees
    - Merge mode: line-only
    - Saved visualization to output/blocks
    ----------------------------------------
    
    Processed input_0:
    - Found 216 components
    - Grouped into 83 text lines
    - Detected 28 text blocks
    - Estimated orientation: 2.0 degrees
    - Merge mode: line-only
    - Saved visualization to output/blocks
    ----------------------------------------
    
    Processed input_2:
    - Found 169 components
    - Grouped into 101 text lines
    - Detected 26 text blocks
    - Estimated orientation: 3.0 degrees
    - Merge mode: line-only
    - Saved visualization to output/blocks
    ----------------------------------------
    
                Processing complete:
                - Successfully processed: 3 images
                - Errors: 0 images
                - Output saved to: output/blocks
                ========================================
                
    Processed input_1:
    - Found 123 components
    - Grouped into 76 text lines
    - Detected 24 text blocks
    - Estimated orientation: 2.0 degrees
    - Merge mode: line-only
    - Saved visualization to output/blocks
    ----------------------------------------
    
    Processed input_0:
    - Found 216 components
    - Grouped into 83 text lines
    - Detected 23 text blocks
    - Estimated orientation: 2.0 degrees
    - Merge mode: line-only
    - Saved visualization to output/blocks
    ----------------------------------------
    
    Processed input_2:
    - Found 169 components
    - Grouped into 101 text lines
    - Detected 26 text blocks
    - Estimated orientation: 3.0 degrees
    - Merge mode: line-only
    - Saved visualization to output/blocks
    ----------------------------------------
    
                Processing complete:
                - Successfully processed: 3 images
                - Errors: 0 images
                - Output saved to: output/blocks
                ========================================
                
    Processed input_0:
    - Found 216 components
    - Grouped into 83 text lines
    - Detected 12 text blocks
    - Estimated orientation: 2.0 degrees
    - Merge mode: lines and vertical
    - Saved visualization to output/blocks
    ----------------------------------------
    
    Processed input_0:
    - Found 216 components
    - Grouped into 83 text lines
    - Detected 12 text blocks
    - Estimated orientation: 2.0 degrees
    - Merge mode: lines and vertical
    - Saved visualization to output/blocks
    ----------------------------------------
    
    Processed input_0:
    - Found 216 components
    - Grouped into 83 text lines
    - Detected 4 text blocks
    - Estimated orientation: 2.0 degrees
    - Merge mode: lines and vertical
    - Saved visualization to output/blocks
    ----------------------------------------
    
    Processed input_0:
    - Found 216 components
    - Grouped into 83 text lines
    - Detected 4 text blocks
    - Estimated orientation: 2.0 degrees
    - Merge mode: lines and vertical
    - Saved visualization to output/blocks
    ----------------------------------------
    
    Processed input_0:
    - Found 216 components
    - Grouped into 83 text lines
    - Detected 3 text blocks
    - Estimated orientation: 2.0 degrees
    - Merge mode: lines and vertical
    - Saved visualization to output/blocks
    ----------------------------------------
    
    Processed input_0:
    - Found 1654 components
    - Grouped into 857 text lines
    - Detected 93 text blocks
    - Estimated orientation: 2.0 degrees
    - Merge mode: line-only
    - Saved visualization to output/blocks
    ----------------------------------------
    
    Processed input_0:
    - Found 1654 components
    - Grouped into 857 text lines
    - Detected 66 text blocks
    - Estimated orientation: 2.0 degrees
    - Merge mode: line-only
    - Saved visualization to output/blocks
    ----------------------------------------
    
    Processed input_0:
    - Found 1654 components
    - Grouped into 857 text lines
    - Detected 72 text blocks
    - Estimated orientation: 2.0 degrees
    - Merge mode: line-only
    - Saved visualization to output/blocks
    ----------------------------------------
    
    Processed input_0:
    - Found 1654 components
    - Grouped into 857 text lines
    - Detected 78 text blocks
    - Estimated orientation: 2.0 degrees
    - Merge mode: line-only
    - Saved visualization to output/blocks
    ----------------------------------------
    
    Processed input_0:
    - Found 1654 components
    - Grouped into 857 text lines
    - Detected 83 text blocks
    - Estimated orientation: 2.0 degrees
    - Merge mode: line-only
    - Saved visualization to output/blocks
    ----------------------------------------
    
    Processed input_0:
    - Found 1654 components
    - Grouped into 857 text lines
    - Detected 93 text blocks
    - Estimated orientation: 2.0 degrees
    - Merge mode: line-only
    - Saved visualization to output/blocks
    ----------------------------------------
    
    Processed test1:
    - Found 1137 components
    - Grouped into 265 text lines
    - Detected 4 text blocks
    - Estimated orientation: 2.0 degrees
    - Merge mode: lines and vertical
    - Saved visualization to output2
    ----------------------------------------
    Error processing test1: name 'v' is not defined
Error processing test1: name 'v' is not defined
Error processing test1: name 'v' is not defined

    Processed test1:
    - Found 1137 components
    - Grouped into 265 text lines
    - Detected 4 text blocks
    - Estimated orientation: 2.0 degrees
    - Merge mode: lines and vertical
    - Saved visualization to output2
    ----------------------------------------
    Error: TEST1.PNG is not a valid file or directory

    Processed test1:
    - Found 1137 components
    - Grouped into 265 text lines
    - Detected 4 text blocks
    - Estimated orientation: 2.0 degrees
    - Merge mode: lines and vertical
    - Saved visualization to output2
    ----------------------------------------
    Error processing test1: Unable to determine Axes to steal space for Colorbar. Either provide the *cax* argument to use as the Axes for the Colorbar, provide the *ax* argument to steal space from it, or add *mappable* to an Axes.

    Processed test1:
    - Found 1137 components
    - Grouped into 265 text lines
    - Detected 4 text blocks
    - Estimated orientation: 2.0 degrees
    - Merge mode: lines and vertical
    - Saved visualization to output2
    ----------------------------------------
    
    Processed test1:
    - Found 1137 components
    - Grouped into 265 text lines
    - Detected 4 text blocks
    - Estimated orientation: 2.0 degrees
    - Merge mode: lines and vertical
    - Saved visualization to output2
    ----------------------------------------
    
    Processed test1:
    - Found 1137 components
    - Grouped into 265 text lines
    - Detected 4 text blocks
    - Estimated orientation: 2.0 degrees
    - Merge mode: lines and vertical
    - Saved visualization to output2
    ----------------------------------------
    
    Processed test1:
    - Found 1137 components
    - Grouped into 265 text lines
    - Detected 4 text blocks
    - Estimated orientation: 2.0 degrees
    - Merge mode: lines and vertical
    - Saved visualization to output2
    ----------------------------------------
    
    Processed test1:
    - Found 1137 components
    - Grouped into 264 text lines
    - Detected 4 text blocks
    - Estimated orientation: 2.0 degrees
    - Merge mode: lines and vertical
    - Saved visualization to output222
    ----------------------------------------
    
    Processed test1:
    - Found 1137 components
    - Grouped into 265 text lines
    - Detected 4 text blocks
    - Estimated orientation: 2.0 degrees
    - Merge mode: lines and vertical
    - Saved visualization to output222
    ----------------------------------------
    
    Processed test1:
    - Found 1137 components
    - Grouped into 265 text lines
    - Detected 4 text blocks
    - Estimated orientation: 2.0 degrees
    - Merge mode: lines and vertical
    - Saved visualization to output222
    ----------------------------------------
    
    Processed test1:
    - Found 1137 components
    - Grouped into 265 text lines
    - Detected 4 text blocks
    - Estimated orientation: 2.0 degrees
    - Merge mode: lines and vertical
    - Saved visualization to output222
    ----------------------------------------
    Error processing test1: No components found in the image

    Processed test1:
    - Found 1137 components
    - Grouped into 265 text lines
    - Detected 4 text blocks
    - Estimated orientation: 2.0 degrees
    - Merge mode: lines and vertical
    - Saved visualization to output222
    ----------------------------------------
    
    Processed test1:
    - Found 1137 components
    - Grouped into 265 text lines
    - Detected 4 text blocks
    - Estimated orientation: 2.0 degrees
    - Merge mode: lines and vertical
    - Saved visualization to output222
    ----------------------------------------
    
    Processed test1:
    - Found 1350 components
    - Grouped into 459 text lines
    - Detected 5 text blocks
    - Estimated orientation: 2.0 degrees
    - Merge mode: lines and vertical
    - Saved visualization to output222
    ----------------------------------------
    
    Processed test1:
    - Found 1350 components
    - Grouped into 459 text lines
    - Detected 5 text blocks
    - Estimated orientation: 2.0 degrees
    - Merge mode: lines and vertical
    - Saved visualization to output222
    ----------------------------------------
    
    Processed test1:
    - Found 1350 components
    - Grouped into 459 text lines
    - Detected 5 text blocks
    - Estimated orientation: 2.0 degrees
    - Merge mode: lines and vertical
    - Saved visualization to output222
    ----------------------------------------
    
    Processed test1:
    - Found 1137 components
    - Grouped into 247 text lines
    - Detected 4 text blocks
    - Estimated orientation: 1.0 degrees
    - Merge mode: lines and vertical
    - Saved visualization to output222
    ----------------------------------------
    
    Processed test1:
    - Found 1137 components
    - Grouped into 1116 text lines
    - Detected 6 text blocks
    - Estimated orientation: 22.5 degrees
    - Merge mode: lines and vertical
    - Saved visualization to output222
    ----------------------------------------
    
    Processed test1:
    - Found 1137 components
    - Grouped into 1083 text lines
    - Detected 6 text blocks
    - Estimated orientation: 22.5 degrees
    - Merge mode: lines and vertical
    - Saved visualization to output222
    ----------------------------------------
    
    Processed test1:
    - Found 1137 components
    - Grouped into 691 text lines
    - Detected 3 text blocks
    - Estimated orientation: 22.5 degrees
    - Merge mode: lines and vertical
    - Saved visualization to output222
    ----------------------------------------
    
    Processed test1:
    - Found 1137 components
    - Grouped into 1083 text lines
    - Detected 38 text blocks
    - Estimated orientation: 22.5 degrees
    - Merge mode: line-only
    - Saved visualization to output222
    ----------------------------------------
    
    Processed test1:
    - Found 1137 components
    - Grouped into 1116 text lines
    - Detected 33 text blocks
    - Estimated orientation: 22.5 degrees
    - Merge mode: line-only
    - Saved visualization to output222
    ----------------------------------------
    
    Processed test1:
    - Found 1137 components
    - Grouped into 1116 text lines
    - Detected 6 text blocks
    - Estimated orientation: 22.5 degrees
    - Merge mode: lines and vertical
    - Saved visualization to output222
    ----------------------------------------
    
    Processed test1:
    - Found 1137 components
    - Grouped into 1116 text lines
    - Detected 6 text blocks
    - Estimated orientation: 22.5 degrees
    - Merge mode: lines and vertical
    - Saved visualization to output222
    ----------------------------------------
    
    Processed test1:
    - Found 1137 components
    - Grouped into 1116 text lines
    - Detected 5 text blocks
    - Estimated orientation: 22.5 degrees
    - Merge mode: lines and vertical
    - Saved visualization to output222
    ----------------------------------------
    
    Processed test1:
    - Found 1137 components
    - Grouped into 1116 text lines
    - Detected 33 text blocks
    - Estimated orientation: 22.5 degrees
    - Merge mode: line-only
    - Saved visualization to output222
    ----------------------------------------
    
    Processed test1:
    - Found 1137 components
    - Grouped into 1116 text lines
    - Detected 33 text blocks
    - Estimated orientation: 22.5 degrees
    - Merge mode: line-only
    - Saved visualization to output222
    ----------------------------------------
    
    Processed test1:
    - Found 1137 components
    - Grouped into 1116 text lines
    - Detected 5 text blocks
    - Estimated orientation: 22.5 degrees
    - Merge mode: lines and vertical
    - Saved visualization to output222
    ----------------------------------------
    
    Processed test1:
    - Found 1285 components
    - Grouped into 1217 text lines
    - Detected 36 text blocks
    - Estimated orientation: 22.5 degrees
    - Merge mode: line-only
    - Saved visualization to output222
    ----------------------------------------
    
    Processed test1:
    - Found 1285 components
    - Grouped into 1217 text lines
    - Detected 36 text blocks
    - Estimated orientation: 22.5 degrees
    - Merge mode: line-only
    - Saved visualization to output
    ----------------------------------------
    
    Processed test1:
    - Found 1285 components
    - Grouped into 1217 text lines
    - Detected 5 text blocks
    - Estimated orientation: 22.5 degrees
    - Merge mode: lines and vertical
    - Saved visualization to output
    ----------------------------------------
    
    Processed 00000357:
    - Found 3123 components
    - Grouped into 2873 text lines
    - Detected 1 text blocks
    - Estimated orientation: 22.5 degrees
    - Merge mode: lines and vertical
    - Saved visualization to output
    ----------------------------------------
    
    Processed test1:
    - Found 1285 components
    - Grouped into 1217 text lines
    - Detected 5 text blocks
    - Estimated orientation: 22.5 degrees
    - Merge mode: lines and vertical
    - Saved visualization to test1
    ----------------------------------------
    
    Processed 00000357:
    - Found 3123 components
    - Grouped into 2873 text lines
    - Detected 1 text blocks
    - Estimated orientation: 22.5 degrees
    - Merge mode: lines and vertical
    - Saved visualization to output2
    ----------------------------------------
    
    Processed 00000357:
    - Found 3123 components
    - Grouped into 2873 text lines
    - Detected 1 text blocks
    - Estimated orientation: 22.5 degrees
    - Merge mode: lines and vertical
    - Saved visualization to output4
    ----------------------------------------
    
    Processed 00000357:
    - Found 3114 components
    - Grouped into 2867 text lines
    - Detected 146 text blocks
    - Estimated orientation: 22.5 degrees
    - Merge mode: lines and vertical
    - Saved visualization to output3
    ----------------------------------------
    
    Processed test1:
    - Found 1285 components
    - Grouped into 370 text lines
    - Detected 5 text blocks
    - Estimated orientation: 0.0 degrees
    - Merge mode: lines and vertical
    - Saved visualization to output2
    ----------------------------------------
    
    Processed test1:
    - Found 1285 components
    - Grouped into 370 text lines
    - Detected 5 text blocks
    - Estimated orientation: 0.0 degrees
    - Merge mode: lines and vertical
    - Saved visualization to output2
    ----------------------------------------
    
    Processed 00000357:
    - Found 3065 components
    - Grouped into 1031 text lines
    - Detected 331 text blocks
    - Estimated orientation: 0.0 degrees
    - Merge mode: lines and vertical
    - Saved visualization to output
    ----------------------------------------
    
    Processed 00000790:
    - Found 2436 components
    - Grouped into 764 text lines
    - Detected 5 text blocks
    - Estimated orientation: 0.0 degrees
    - Merge mode: lines and vertical
    - Saved visualization to output
    ----------------------------------------
    
    Processed 00000357:
    - Found 3065 components
    - Grouped into 1031 text lines
    - Detected 459 text blocks
    - Estimated orientation: 0.0 degrees
    - Merge mode: line-only
    - Saved visualization to output_lines
    ----------------------------------------
    
    Processed 00000357:
    - Found 3065 components
    - Grouped into 1031 text lines
    - Detected 419 text blocks
    - Estimated orientation: 0.0 degrees
    - Merge mode: line-only
    - Saved visualization to output_lines
    ----------------------------------------
    
    Processed 00000790:
    - Found 2436 components
    - Grouped into 764 text lines
    - Detected 134 text blocks
    - Estimated orientation: 0.0 degrees
    - Merge mode: line-only
    - Saved visualization to output_lines
    ----------------------------------------
    
    Processed 00000357:
    - Found 3065 components
    - Grouped into 1031 text lines
    - Detected 298 text blocks
    - Estimated orientation: 0.0 degrees
    - Merge mode: lines and vertical
    - Saved visualization to output
    ----------------------------------------
    
    Processed 00000790:
    - Found 2436 components
    - Grouped into 764 text lines
    - Detected 5 text blocks
    - Estimated orientation: 0.0 degrees
    - Merge mode: lines and vertical
    - Saved visualization to output
    ----------------------------------------
    
    Processed 00000269:
    - Found 1037 components
    - Grouped into 572 text lines
    - Detected 534 text blocks
    - Estimated orientation: 0.0 degrees
    - Merge mode: line-only
    - Saved visualization to output_lines
    ----------------------------------------
    
    Processed 00000269:
    - Found 1037 components
    - Grouped into 572 text lines
    - Detected 461 text blocks
    - Estimated orientation: 0.0 degrees
    - Merge mode: lines and vertical
    - Saved visualization to output
    ----------------------------------------
    
    Processed 00000421:
    - Found 1185 components
    - Grouped into 1040 text lines
    - Detected 893 text blocks
    - Estimated orientation: 11.0 degrees
    - Merge mode: line-only
    - Saved visualization to output_lines
    ----------------------------------------
    
    Processed 00000421:
    - Found 1185 components
    - Grouped into 1040 text lines
    - Detected 736 text blocks
    - Estimated orientation: 11.0 degrees
    - Merge mode: lines and vertical
    - Saved visualization to output
    ----------------------------------------
    
    Processed test1_rotated:
    - Found 1652 components
    - Grouped into 671 text lines
    - Detected 1 text blocks
    - Estimated orientation: 37.5 degrees
    - Merge mode: lines and vertical
    - Saved visualization to output_r
    ----------------------------------------
    
    Processed test1_rotated:
    - Found 1450 components
    - Grouped into 835 text lines
    - Detected 6 text blocks
    - Estimated orientation: 30.0 degrees
    - Merge mode: lines and vertical
    - Saved visualization to output_r
    ----------------------------------------
    
    Processed test1_rotated:
    - Found 1699 components
    - Grouped into 865 text lines
    - Detected 15 text blocks
    - Estimated orientation: 30.0 degrees
    - Merge mode: lines and vertical
    - Saved visualization to output_r
    ----------------------------------------
    
    Processed test1_rotated:
    - Found 1450 components
    - Grouped into 835 text lines
    - Detected 6 text blocks
    - Estimated orientation: 30.0 degrees
    - Merge mode: lines and vertical
    - Saved visualization to output_r2
    ----------------------------------------
    
    Processed test1_rotated:
    - Found 1652 components
    - Grouped into 671 text lines
    - Detected 1 text blocks
    - Estimated orientation: 37.5 degrees
    - Merge mode: lines and vertical
    - Saved visualization to output_r2
    ----------------------------------------
    
    Processed test1_rotated:
    - Found 1874 components
    - Grouped into 984 text lines
    - Detected 40 text blocks
    - Estimated orientation: 37.5 degrees
    - Merge mode: lines and vertical
    - Saved visualization to output_r2
    ----------------------------------------
    
    Processed test1_rotated:
    - Found 1854 components
    - Grouped into 935 text lines
    - Detected 31 text blocks
    - Estimated orientation: 33.5 degrees
    - Merge mode: lines and vertical
    - Saved visualization to output_r
    ----------------------------------------
    
    Processed test1_rotated:
    - Found 1877 components
    - Grouped into 996 text lines
    - Detected 9 text blocks
    - Estimated orientation: 31.0 degrees
    - Merge mode: lines and vertical
    - Saved visualization to output_r
    ----------------------------------------
    
    Processed test1_rotated:
    - Found 1877 components
    - Grouped into 996 text lines
    - Detected 9 text blocks
    - Estimated orientation: 31.0 degrees
    - Merge mode: lines and vertical
    - Saved visualization to output_r
    ----------------------------------------
    
    Processed test1:
    - Found 1285 components
    - Grouped into 370 text lines
    - Detected 5 text blocks
    - Estimated orientation: 0.0 degrees
    - Merge mode: lines and vertical
    - Saved visualization to output_r
    ----------------------------------------
    
    Processed test1_rotated:
    - Found 1877 components
    - Grouped into 910 text lines
    - Detected 7 text blocks
    - Estimated orientation: 30.5 degrees
    - Merge mode: lines and vertical
    - Saved visualization to output_r
    ----------------------------------------
    
    Processed test1_rotated:
    - Found 1868 components
    - Grouped into 860 text lines
    - Detected 87 text blocks
    - Estimated orientation: 37.5 degrees
    - Merge mode: lines and vertical
    - Saved visualization to output_r
    ----------------------------------------
    
    Processed test1_rotated:
    - Found 1885 components
    - Grouped into 918 text lines
    - Detected 88 text blocks
    - Estimated orientation: 37.0 degrees
    - Merge mode: lines and vertical
    - Saved visualization to output_r
    ----------------------------------------
    
    Processed test1_rotated:
    - Found 1885 components
    - Grouped into 918 text lines
    - Detected 9 text blocks
    - Estimated orientation: 37.0 degrees
    - Merge mode: lines and vertical
    - Saved visualization to output_r
    ----------------------------------------
    
    Processed 00000357:
    - Found 3117 components
    - Grouped into 1063 text lines
    - Detected 320 text blocks
    - Estimated orientation: 0.0 degrees
    - Merge mode: lines and vertical
    - Saved visualization to output_357
    ----------------------------------------
    
    Processed 00000357:
    - Found 3117 components
    - Grouped into 1063 text lines
    - Detected 1 text blocks
    - Estimated orientation: 0.0 degrees
    - Merge mode: lines and vertical
    - Saved visualization to output_3572
    ----------------------------------------
    
    Processed 00000357:
    - Found 3117 components
    - Grouped into 1063 text lines
    - Detected 81 text blocks
    - Estimated orientation: 0.0 degrees
    - Merge mode: lines and vertical
    - Saved visualization to output_3572
    ----------------------------------------
    
    Processed 00000357:
    - Found 3117 components
    - Grouped into 1063 text lines
    - Detected 172 text blocks
    - Estimated orientation: 0.0 degrees
    - Merge mode: lines and vertical
    - Saved visualization to output_357
    ----------------------------------------
    
    Processed 00000357:
    - Found 3117 components
    - Grouped into 1063 text lines
    - Detected 162 text blocks
    - Estimated orientation: 0.0 degrees
    - Merge mode: lines and vertical
    - Saved visualization to output_3572
    ----------------------------------------
    
    Processed 00000357:
    - Found 3117 components
    - Grouped into 1063 text lines
    - Detected 154 text blocks
    - Estimated orientation: 0.0 degrees
    - Merge mode: lines and vertical
    - Saved visualization to output_3573
    ----------------------------------------
    
    Processed test1_rotated_Input:
    - Found 1889 components
    - Grouped into 922 text lines
    - Detected 160 text blocks
    - Estimated orientation: 37.0 degrees
    - Merge mode: line-only
    - Saved visualization to output_r2
    ----------------------------------------
    
    Processed test1_rotated_Input:
    - Found 1874 components
    - Grouped into 984 text lines
    - Detected 172 text blocks
    - Estimated orientation: 37.5 degrees
    - Merge mode: line-only
    - Saved visualization to output_r
    ----------------------------------------
    
    Processed test1_rot:
    - Found 1791 components
    - Grouped into 949 text lines
    - Detected 1 text blocks
    - Estimated orientation: 137.0 degrees
    - Merge mode: line-only
    - Saved visualization to output_r
    ----------------------------------------
    Error processing test1_rot: [Errno 2] No such file or directory: 'output_r2/test1_rot_preprocessing.png'

    Processed test1_rot:
    - Found 1791 components
    - Grouped into 949 text lines
    - Detected 1 text blocks
    - Estimated orientation: 137.0 degrees
    - Merge mode: line-only
    - Saved visualization to output_r
    ----------------------------------------
    
    Processed test1_rot:
    - Found 1790 components
    - Grouped into 881 text lines
    - Detected 1 text blocks
    - Estimated orientation: 140.5 degrees
    - Merge mode: line-only
    - Saved visualization to output_r2
    ----------------------------------------
    
    Processed test1_rot:
    - Found 1786 components
    - Grouped into 891 text lines
    - Detected 232 text blocks
    - Estimated orientation: 137.0 degrees
    - Merge mode: line-only
    - Saved visualization to output_r
    ----------------------------------------
    
    Processed test1_rot:
    - Found 1784 components
    - Grouped into 879 text lines
    - Detected 100 text blocks
    - Estimated orientation: 140.5 degrees
    - Merge mode: line-only
    - Saved visualization to output_r2
    ----------------------------------------
    
    Processed test1_rot:
    - Found 1785 components
    - Grouped into 892 text lines
    - Detected 62 text blocks
    - Estimated orientation: 141.5 degrees
    - Merge mode: line-only
    - Saved visualization to output_r2
    ----------------------------------------
    
    Processed test1_rot:
    - Found 1785 components
    - Grouped into 892 text lines
    - Detected 81 text blocks
    - Estimated orientation: 141.5 degrees
    - Merge mode: line-only
    - Saved visualization to output_r2
    ----------------------------------------
    
    Processed test1_rot:
    - Found 1785 components
    - Grouped into 892 text lines
    - Detected 58 text blocks
    - Estimated orientation: 141.5 degrees
    - Merge mode: line-only
    - Saved visualization to output_r2
    ----------------------------------------
    
    Processed test1_rot:
    - Found 1785 components
    - Grouped into 892 text lines
    - Detected 62 text blocks
    - Estimated orientation: 141.5 degrees
    - Merge mode: line-only
    - Saved visualization to output_r
    ----------------------------------------
    
    Processed test1_rot:
    - Found 1785 components
    - Grouped into 892 text lines
    - Detected 58 text blocks
    - Estimated orientation: 141.5 degrees
    - Merge mode: line-only
    - Saved visualization to output_r2
    ----------------------------------------
    
    Processed test1_rot:
    - Found 1785 components
    - Grouped into 892 text lines
    - Detected 58 text blocks
    - Estimated orientation: 141.5 degrees
    - Merge mode: line-only
    - Saved visualization to output_r2
    ----------------------------------------
    
    Processed test1_rot:
    - Found 1785 components
    - Grouped into 892 text lines
    - Detected 58 text blocks
    - Estimated orientation: 141.5 degrees
    - Merge mode: line-only
    - Saved visualization to output_r2
    ----------------------------------------
    
    Processed test1_rot:
    - Found 1785 components
    - Grouped into 892 text lines
    - Detected 62 text blocks
    - Estimated orientation: 141.5 degrees
    - Merge mode: line-only
    - Saved visualization to output_r
    ----------------------------------------
    
    Processed test1_rot:
    - Found 1785 components
    - Grouped into 892 text lines
    - Detected 81 text blocks
    - Estimated orientation: 141.5 degrees
    - Merge mode: line-only
    - Saved visualization to output_r
    ----------------------------------------
    
    Processed test1_rot:
    - Found 1791 components
    - Grouped into 869 text lines
    - Detected 98 text blocks
    - Estimated orientation: 36.0 degrees
    - Merge mode: line-only
    - Saved visualization to output_r
    ----------------------------------------
    
    Processed test1_rot:
    - Found 1806 components
    - Grouped into 893 text lines
    - Detected 110 text blocks
    - Estimated orientation: 35.5 degrees
    - Merge mode: line-only
    - Saved visualization to output_r
    ----------------------------------------
    
    Processed test1_rot:
    - Found 1806 components
    - Grouped into 893 text lines
    - Detected 4 text blocks
    - Estimated orientation: 35.5 degrees
    - Merge mode: line-only
    - Saved visualization to output_r
    ----------------------------------------
    
    Processed test1_rot:
    - Found 1806 components
    - Grouped into 893 text lines
    - Detected 6 text blocks
    - Estimated orientation: 35.5 degrees
    - Merge mode: line-only
    - Saved visualization to output_r
    ----------------------------------------
    
    Processed test1_rot:
    - Found 1817 components
    - Grouped into 889 text lines
    - Detected 31 text blocks
    - Estimated orientation: 38.0 degrees
    - Merge mode: line-only
    - Saved visualization to output_r
    ----------------------------------------
    
    Processed test1_rot:
    - Found 1817 components
    - Grouped into 889 text lines
    - Detected 56 text blocks
    - Estimated orientation: 38.0 degrees
    - Merge mode: line-only
    - Saved visualization to output_r
    ----------------------------------------
    
    Processed test1_rot:
    - Found 1817 components
    - Grouped into 889 text lines
    - Detected 5 text blocks
    - Estimated orientation: 38.0 degrees
    - Merge mode: lines and vertical
    - Saved visualization to output_r
    ----------------------------------------
    
Processed Test1:
- Found 427 components
- Grouped into 201 text lines
- Detected 4 text blocks
- Estimated orientation: 167.5 degrees
- Merge mode: lines and vertical
- Saved visualization to output
----------------------------------------
Error processing image: Not enough components (1) for k=5 nearest neighbors
Error processing image: Not enough components (1) for k=5 nearest neighbors

Processed Test1:
- Found 1285 components
- Grouped into 370 text lines
- Detected 5 text blocks
- Estimated orientation: 0.0 degrees
- Merge mode: lines and vertical
- Saved visualization to output
----------------------------------------

Processed Test2:
- Found 647 components
- Grouped into 594 text lines
- Detected 1 text blocks
- Estimated orientation: 126.5 degrees
- Merge mode: lines and vertical
- Saved visualization to output
----------------------------------------
Error processing rotated_output: Not enough components (1) for k=5 nearest neighbors

Processed rotated_output:
- Found 1463 components
- Grouped into 891 text lines
- Detected 4 text blocks
- Estimated orientation: 136.5 degrees
- Merge mode: lines and vertical
- Saved visualization to output
----------------------------------------
