
    Processed 113:
    - Found 2028 components
    - Grouped into 1557 text lines
    - Detected 288 text blocks
    - Estimated orientation: 88.5 degrees
    - Merge mode: line-only
    - Saved visualization to output2
    ----------------------------------------
    
    Processed 171:
    - Found 1252 components
    - Grouped into 1000 text lines
    - Detected 199 text blocks
    - Estimated orientation: 87.0 degrees
    - Merge mode: line-only
    - Saved visualization to output2
    ----------------------------------------
    
    Processed 171:
    - Found 1252 components
    - Grouped into 1000 text lines
    - Detected 199 text blocks
    - Estimated orientation: 87.0 degrees
    - Merge mode: line-only
    - Saved visualization to output2/Latin14396/
    ----------------------------------------
    
    Processed 113:
    - Found 2028 components
    - Grouped into 1557 text lines
    - Detected 288 text blocks
    - Estimated orientation: 88.5 degrees
    - Merge mode: line-only
    - Saved visualization to output2/Latin2
    ----------------------------------------
    
    Processed 040:
    - Found 1345 components
    - Grouped into 1031 text lines
    - Detected 232 text blocks
    - Estimated orientation: 91.5 degrees
    - Merge mode: line-only
    - Saved visualization to output2/Latin14396/
    ----------------------------------------
    
    Processed 275:
    - Found 1370 components
    - Grouped into 1279 text lines
    - Detected 152 text blocks
    - Estimated orientation: 157.0 degrees
    - Merge mode: line-only
    - Saved visualization to output2/Latin14396/
    ----------------------------------------
    
    Processed 192:
    - Found 969 components
    - Grouped into 730 text lines
    - Detected 141 text blocks
    - Estimated orientation: 86.0 degrees
    - Merge mode: line-only
    - Saved visualization to output2/Latin14396/
    ----------------------------------------
    
    Processed 171:
    - Found 1221 components
    - Grouped into 977 text lines
    - Detected 116 text blocks
    - Estimated orientation: 87.0 degrees
    - Merge mode: line-only
    - Saved visualization to output2/Latin14396
    ----------------------------------------
    
    Processed 040:
    - Found 1325 components
    - Grouped into 1039 text lines
    - Detected 144 text blocks
    - Estimated orientation: 89.0 degrees
    - Merge mode: line-only
    - Saved visualization to output2/Latin14396
    ----------------------------------------
    
    Processed 113:
    - Found 2498 components
    - Grouped into 2394 text lines
    - Detected 155 text blocks
    - Estimated orientation: 157.0 degrees
    - Merge mode: line-only
    - Saved visualization to output2/Latin2
    ----------------------------------------
    
    Processed 275:
    - Found 1690 components
    - Grouped into 1543 text lines
    - Detected 127 text blocks
    - Estimated orientation: 157.0 degrees
    - Merge mode: line-only
    - Saved visualization to output2/Latin14396
    ----------------------------------------
    
    Processed 192:
    - Found 969 components
    - Grouped into 730 text lines
    - Detected 81 text blocks
    - Estimated orientation: 86.0 degrees
    - Merge mode: line-only
    - Saved visualization to output2/Latin14396
    ----------------------------------------
    
    Processed 025:
    - Found 3806 components
    - Grouped into 3045 text lines
    - Detected 890 text blocks
    - Estimated orientation: 93.0 degrees
    - Merge mode: line-only
    - Saved visualization to output2/Syr/
    ----------------------------------------
    
    Processed 202:
    - Found 1629 components
    - Grouped into 1206 text lines
    - Detected 124 text blocks
    - Estimated orientation: 89.0 degrees
    - Merge mode: line-only
    - Saved visualization to output2/Latin14396
    ----------------------------------------
    
    Processed 137:
    - Found 1128 components
    - Grouped into 892 text lines
    - Detected 73 text blocks
    - Estimated orientation: 90.5 degrees
    - Merge mode: line-only
    - Saved visualization to output2/Latin14396
    ----------------------------------------
    
    Processed 108:
    - Found 2659 components
    - Grouped into 2507 text lines
    - Detected 174 text blocks
    - Estimated orientation: 157.0 degrees
    - Merge mode: line-only
    - Saved visualization to output2/Latin2
    ----------------------------------------
    
    Processed 044:
    - Found 1349 components
    - Grouped into 1045 text lines
    - Detected 128 text blocks
    - Estimated orientation: 90.0 degrees
    - Merge mode: line-only
    - Saved visualization to output2/Latin14396
    ----------------------------------------
    
    Processed 028:
    - Found 1411 components
    - Grouped into 1095 text lines
    - Detected 125 text blocks
    - Estimated orientation: 88.0 degrees
    - Merge mode: line-only
    - Saved visualization to output2/Latin14396
    ----------------------------------------
    
    Processed 065:
    - Found 1930 components
    - Grouped into 1818 text lines
    - Detected 175 text blocks
    - Estimated orientation: 157.0 degrees
    - Merge mode: line-only
    - Saved visualization to output2/Latin2
    ----------------------------------------
    
    Processed 064:
    - Found 1154 components
    - Grouped into 1076 text lines
    - Detected 132 text blocks
    - Estimated orientation: 22.5 degrees
    - Merge mode: line-only
    - Saved visualization to output2/Latin14396
    ----------------------------------------
    
    Processed 244:
    - Found 1460 components
    - Grouped into 1346 text lines
    - Detected 107 text blocks
    - Estimated orientation: 157.0 degrees
    - Merge mode: line-only
    - Saved visualization to output2/Latin14396
    ----------------------------------------
    
    Processed 232:
    - Found 2490 components
    - Grouped into 1747 text lines
    - Detected 214 text blocks
    - Estimated orientation: 92.0 degrees
    - Merge mode: line-only
    - Saved visualization to output2/Latin2
    ----------------------------------------
    
    Processed 135:
    - Found 1614 components
    - Grouped into 1496 text lines
    - Detected 98 text blocks
    - Estimated orientation: 157.0 degrees
    - Merge mode: line-only
    - Saved visualization to output2/Latin14396
    ----------------------------------------
    
    Processed 077:
    - Found 2204 components
    - Grouped into 1727 text lines
    - Detected 173 text blocks
    - Estimated orientation: 88.5 degrees
    - Merge mode: line-only
    - Saved visualization to output2/Latin2
    ----------------------------------------
    
    Processed 141:
    - Found 1341 components
    - Grouped into 1057 text lines
    - Detected 83 text blocks
    - Estimated orientation: 89.0 degrees
    - Merge mode: line-only
    - Saved visualization to output2/Latin14396
    ----------------------------------------
    
    Processed 171:
    - Found 1221 components
    - Grouped into 977 text lines
    - Detected 116 text blocks
    - Estimated orientation: 87.0 degrees
    - Merge mode: line-only
    - Saved visualization to output2/Latin14396
    ----------------------------------------
    
    Processed 171:
    - Found 1221 components
    - Grouped into 977 text lines
    - Detected 116 text blocks
    - Estimated orientation: 87.0 degrees
    - Merge mode: line-only
    - Saved visualization to output2/Latin14396
    ----------------------------------------
    
    Processed 113:
    - Found 2498 components
    - Grouped into 2394 text lines
    - Detected 145 text blocks
    - Estimated orientation: 157.0 degrees
    - Merge mode: line-only
    - Saved visualization to output2/Latin2
    ----------------------------------------
    
    Processed 040:
    - Found 1325 components
    - Grouped into 1039 text lines
    - Detected 144 text blocks
    - Estimated orientation: 89.0 degrees
    - Merge mode: line-only
    - Saved visualization to output2/Latin14396
    ----------------------------------------
    
    Processed 082:
    - Found 4058 components
    - Grouped into 3312 text lines
    - Detected 915 text blocks
    - Estimated orientation: 91.0 degrees
    - Merge mode: line-only
    - Saved visualization to output2/Syr/
    ----------------------------------------
    
    Processed 275:
    - Found 1690 components
    - Grouped into 1543 text lines
    - Detected 127 text blocks
    - Estimated orientation: 157.0 degrees
    - Merge mode: line-only
    - Saved visualization to output2/Latin14396
    ----------------------------------------
    
    Processed 171:
    - Found 1221 components
    - Grouped into 977 text lines
    - Detected 21 text blocks
    - Estimated orientation: 87.0 degrees
    - Merge mode: line-only
    - Saved visualization to output2/Latin14396
    ----------------------------------------
    
    Processed 113:
    - Found 2498 components
    - Grouped into 781 text lines
    - Detected 134 text blocks
    - Estimated orientation: 178.5 degrees
    - Merge mode: line-only
    - Saved visualization to output2/Latin2
    ----------------------------------------
    
    Processed 171:
    - Found 1221 components
    - Grouped into 565 text lines
    - Detected 50 text blocks
    - Estimated orientation: 178.5 degrees
    - Merge mode: line-only
    - Saved visualization to output2/Latin14396
    ----------------------------------------
    